main.c:96:5:main	8	static
main.c:185:6:SystemClock_Config	72	static
main.c:221:13:MX_TIM2_Init	32	static
main.c:266:13:MX_GPIO_Init	32	static
main.c:315:6:display7SEG	16	static
main.c:351:6:update7SEG	16	static
main.c:373:6:updateLEDMatrix	24	static
main.c:386:6:updateClockBuffer	4	static
main.c:393:6:setTimer0	16	static
main.c:397:6:setTimer1	16	static
main.c:401:6:setTimer2	16	static
main.c:406:6:timer_run	4	static
main.c:429:6:HAL_TIM_PeriodElapsedCallback	16	static
main.c:438:6:Error_Handler	4	static,ignoring_inline_asm
