main.c:105:5:main	8	static
main.c:196:6:SystemClock_Config	72	static
main.c:232:13:MX_TIM2_Init	32	static
main.c:277:13:MX_GPIO_Init	32	static
main.c:326:6:display7SEG	24	static
main.c:333:6:update7SEG	16	static
main.c:339:6:updateLEDMatrix	24	static
main.c:351:6:shiftLeftMatrix	16	static
main.c:369:6:updateClockBuffer	4	static
main.c:376:6:setTimer0	16	static
main.c:380:6:setTimer1	16	static
main.c:384:6:setTimer2	16	static
main.c:389:6:timer_run	4	static
main.c:412:6:HAL_TIM_PeriodElapsedCallback	16	static
main.c:421:6:Error_Handler	4	static,ignoring_inline_asm
